apiVersion: v1
kind: Secret
metadata:
  name: dex-config-secret
stringData:
  config.yaml: |
    issuer: https://dex.example.com/dex
    storage:
      type: kubernetes
      config:
        inCluster: true
    web:
      http: 0.0.0.0:5556
      allowedOrigins: ['*']
    connectors:
    - type: mockCallback
      id: mock
      name: Example

    oauth2:
      skipApprovalScreen: false
      alwaysShowLoginScreen: true
    staticClients:
    - id: 0GUGnDpIYCMw1UmoNzbvglw4
      redirectURIs:
      - 'https://auth.example.com/oauth2/callback'
      - 'https://argocd.example.com/auth/callback'
      name: 'OAuth2 Proxy'
      secret: "t0YaSwQrRdcWSw7GFRqG2YL5"
    enablePasswordDB: true
    staticPasswords:
    - email: "admin@example.com"
      hash: "$2a$10$RUlW1IPkhxMPCZ1orhRH7uZlX94gjQzHBqq9ThNMRC53KMaZ2NxIW"
      username: "admin"
      userID: "08a8684b-db88-4b73-90a9-3cd1661f5466"
    logger:
      level: debug
---
