apiVersion: v1
kind: Service
metadata:
  name: foo-kube-prometheus-stack-alertmanager
  namespace: default
  labels:
    app: kube-prometheus-stack-alertmanager
    self-monitor: "true"
    
    app.kubernetes.io/managed-by: Helm
    app.kubernetes.io/instance: foo
    app.kubernetes.io/version: "39.13.3"
    app.kubernetes.io/part-of: kube-prometheus-stack
    chart: kube-prometheus-stack-39.13.3
    release: "foo"
    heritage: "Helm"
spec:
  ports:
  - name: http-web
    port: 9093
    targetPort: 9093
    protocol: TCP
  selector:
    app.kubernetes.io/name: alertmanager
    alertmanager: foo-kube-prometheus-stack-alertmanager
  type: "ClusterIP"
---
