diff -bur test/services/golden/default/helm-argo-virtual-server/templates/argo-virtual-server.yaml test/services/golden/disable_tls/helm-argo-virtual-server/templates/argo-virtual-server.yaml
--- test/services/golden/default/helm-argo-virtual-server/templates/argo-virtual-server.yaml	2022-10-17 22:00:26.557185398 +0000
+++ test/services/golden/disable_tls/helm-argo-virtual-server/templates/argo-virtual-server.yaml	2022-10-17 22:00:31.869337249 +0000
@@ -5,10 +5,6 @@
   namespace: argocd
 spec:
   host: "argocd.example.com"
-  tls:
-    cert-manager:
-      cluster-issuer: letsencrypt-prod
-    secret: argocd-cert
   routes:
   - path: /
     route: argocd/argocd
Only in test/services/golden/default/helm-cert-manager/templates: letsencrypt-issuer.yaml
Only in test/services/golden/default/helm-gatekeeper/charts/gatekeeper/templates: gatekeeper-admin-podsecuritypolicy.yaml
diff -bur test/services/golden/default/helm-grafana/templates/grafana-virtual-server.yaml test/services/golden/disable_tls/helm-grafana/templates/grafana-virtual-server.yaml
--- test/services/golden/default/helm-grafana/templates/grafana-virtual-server.yaml	2022-10-17 22:00:26.501183791 +0000
+++ test/services/golden/disable_tls/helm-grafana/templates/grafana-virtual-server.yaml	2022-10-17 22:00:31.817335766 +0000
@@ -5,16 +5,12 @@
   namespace: "grafana"
 spec:
   host: "grafana.example.com"
-  tls:
-    cert-manager:
-      cluster-issuer: letsencrypt-prod
-    secret: grafana-cert
   routes:
   - path: /
     route: grafana/grafana
     location-snippets: |
       auth_request /oauth2/auth;
-      error_page 401 = https://auth.example.com/oauth2/start?rd=https://$host$uri;
+      error_page 401 = http://auth.example.com/oauth2/start?rd=https://$host$uri;
       auth_request_set $user   $upstream_http_x_auth_request_user;
       auth_request_set $email  $upstream_http_x_auth_request_email;
       auth_request_set $auth_header $upstream_http_authorization;
Only in test/services/golden/default/helm-oauth-proxy/charts/oauth2-proxy/templates: configmap.yaml
Only in test/services/golden/default/helm-oauth-proxy/templates: dex-config-secret.yaml
diff -bur test/services/golden/default/helm-oauth-proxy/templates/oauth-proxy-configmap.yaml test/services/golden/disable_tls/helm-oauth-proxy/templates/oauth-proxy-configmap.yaml
--- test/services/golden/default/helm-oauth-proxy/templates/oauth-proxy-configmap.yaml	2022-10-17 22:00:24.933138790 +0000
+++ test/services/golden/disable_tls/helm-oauth-proxy/templates/oauth-proxy-configmap.yaml	2022-10-17 22:00:30.269291626 +0000
@@ -10,9 +10,9 @@
       set_xauthrequest=true
       cookie_domains=".example.com"
       whitelist_domains=".example.com"
-      cookie_secure=true
+      cookie_secure=false
       email_domains="example.com"
-      oidc_issuer_url="https://dex.example.com/dex"
+      oidc_issuer_url="http://dex.example.com/dex"
       skip_jwt_bearer_tokens=true
       pass_access_token=true
       pass_authorization_header=true
Only in test/services/golden/default/helm-oauth-proxy/templates: oauth-proxy-secret.yaml
diff -bur test/services/golden/default/helm-oauth-proxy/templates/oauth-virtual-server.yaml test/services/golden/disable_tls/helm-oauth-proxy/templates/oauth-virtual-server.yaml
--- test/services/golden/default/helm-oauth-proxy/templates/oauth-virtual-server.yaml	2022-10-17 22:00:24.957139479 +0000
+++ test/services/golden/disable_tls/helm-oauth-proxy/templates/oauth-virtual-server.yaml	2022-10-17 22:00:30.289292196 +0000
@@ -4,10 +4,6 @@
   name: oauth-auth-endpoint
 spec:   
   host: auth.example.com
-  tls:
-    cert-manager:
-      cluster-issuer: letsencrypt-prod
-    secret: auth-cert
   upstreams:
   - name: oauth2-proxy
     service: oauth-proxy-oauth2-proxy
@@ -38,10 +34,6 @@
   name: dex-endpoint
 spec:   
   host: dex.example.com
-  tls:
-    cert-manager:
-      cluster-issuer: letsencrypt-prod
-    secret: dex-cert
   upstreams:
   - name: dex
     service: oauth-proxy-dex
