apiVersion: v1
kind: ServiceAccount
metadata:
  name: foo-tempo
  namespace: default
  labels:
    helm.sh/chart: tempo-1.0.0
    app.kubernetes.io/name: tempo
    app.kubernetes.io/instance: foo
    app.kubernetes.io/version: "2.0.0"
    app.kubernetes.io/managed-by: Helm
automountServiceAccountToken: true
---
