apiVersion: v1
kind: Service
metadata:
  name: foo-nginx-ingress
  namespace: default
  labels:
    app.kubernetes.io/name: foo-nginx-ingress
    helm.sh/chart: nginx-ingress-0.14.1
    app.kubernetes.io/managed-by: Helm
    app.kubernetes.io/instance: foo
    app: kic-nginx-ingress
  annotations:
    networking.gke.io/internal-load-balancer-allow-global-access: "true"
spec:
  externalTrafficPolicy: Local
  type: LoadBalancer
  ports:
  - port: 80
    targetPort: 80
    protocol: TCP
    name: http
  - port: 443
    targetPort: 443
    protocol: TCP
    name: https
  selector:
    app: foo-nginx-ingress
---
