apiVersion: v1
kind: ServiceAccount
metadata:
  name: foo-kube-prometheus-stack-operator
  namespace: default
  labels:
    app: kube-prometheus-stack-operator
    app.kubernetes.io/name: kube-prometheus-stack-prometheus-operator
    app.kubernetes.io/component: prometheus-operator
    
    app.kubernetes.io/managed-by: Helm
    app.kubernetes.io/instance: foo
    app.kubernetes.io/version: "45.4.0"
    app.kubernetes.io/part-of: kube-prometheus-stack
    chart: kube-prometheus-stack-45.4.0
    release: "foo"
    heritage: "Helm"
---
