apiVersion: v1
kind: Service
metadata:
  name: foo-cert-manager-webhook
  namespace: default
  labels:
    app: webhook
    app.kubernetes.io/name: webhook
    app.kubernetes.io/instance: foo
    app.kubernetes.io/component: "webhook"
    app.kubernetes.io/version: "v1.11.0"
    app.kubernetes.io/managed-by: Helm
    helm.sh/chart: cert-manager-v1.11.0
spec:
  type: ClusterIP
  ports:
  - name: https
    port: 443
    protocol: TCP
    targetPort: "https"
  selector:
    app.kubernetes.io/name: webhook
    app.kubernetes.io/instance: foo
    app.kubernetes.io/component: "webhook"
---
