-n
apiVersion: v1
kind: Service
metadata:
  name: foo-kube-prometheus-stack-operator
  namespace: oauth-proxy
  labels:
    app: kube-prometheus-stack-operator
    
    app.kubernetes.io/managed-by: Helm
    app.kubernetes.io/instance: foo
    app.kubernetes.io/version: "39.13.3"
    app.kubernetes.io/part-of: kube-prometheus-stack
    chart: kube-prometheus-stack-39.13.3
    release: "foo"
    heritage: "Helm"
spec:
  ports:
  - name: https
    port: 443
    targetPort: https
  selector:
    app: kube-prometheus-stack-operator
    release: "foo"
  type: "ClusterIP"
---
