-n
apiVersion: monitoring.coreos.com/v1
kind: PrometheusRule
metadata:
  name: foo-kube-prometheus-stack-kube-prometheus-general.rules
  namespace: oauth-proxy
  labels:
    app: kube-prometheus-stack
    
    app.kubernetes.io/managed-by: Helm
    app.kubernetes.io/instance: foo
    app.kubernetes.io/version: "39.13.3"
    app.kubernetes.io/part-of: kube-prometheus-stack
    chart: kube-prometheus-stack-39.13.3
    release: "foo"
    heritage: "Helm"
spec:
  groups:
  - name: kube-prometheus-general.rules
    rules:
    - expr: count without(instance, pod, node) (up == 1)
      record: count:up1
    - expr: count without(instance, pod, node) (up == 0)
      record: count:up0
---
