-n
apiVersion: v1
kind: ServiceAccount
automountServiceAccountToken: true
metadata:
  name: foo-cert-manager-startupapicheck
  namespace: oauth-proxy
  annotations:
    helm.sh/hook: post-install
    helm.sh/hook-delete-policy: before-hook-creation,hook-succeeded
    helm.sh/hook-weight: "-5"
  labels:
    app: startupapicheck
    app.kubernetes.io/name: startupapicheck
    app.kubernetes.io/instance: foo
    app.kubernetes.io/component: "startupapicheck"
    app.kubernetes.io/version: "v1.9.1"
    app.kubernetes.io/managed-by: Helm
    helm.sh/chart: cert-manager-v1.9.1
---
