-n
apiVersion: rbac.authorization.k8s.io/v1
kind: ClusterRole
metadata:
  name: foo-kube-prometheus-stack-prometheus
  labels:
    app: kube-prometheus-stack-prometheus
    
    app.kubernetes.io/managed-by: Helm
    app.kubernetes.io/instance: foo
    app.kubernetes.io/version: "39.13.3"
    app.kubernetes.io/part-of: kube-prometheus-stack
    chart: kube-prometheus-stack-39.13.3
    release: "foo"
    heritage: "Helm"
rules:
- apiGroups: [""]
  resources:
  - nodes
  - nodes/metrics
  - services
  - endpoints
  - pods
  verbs: ["get", "list", "watch"]
- apiGroups:
  - "networking.k8s.io"
  resources:
  - ingresses
  verbs: ["get", "list", "watch"]
- nonResourceURLs: ["/metrics", "/metrics/cadvisor"]
  verbs: ["get"]
---
