-n
apiVersion: v1
kind: ServiceAccount
metadata:
  name: loki
  labels:
    helm.sh/chart: loki-3.2.0
    app.kubernetes.io/name: loki
    app.kubernetes.io/instance: foo
    app.kubernetes.io/version: "2.6.1"
    app.kubernetes.io/managed-by: Helm
automountServiceAccountToken: true
---
