apiVersion: v1
kind: Secret
metadata:
  name: dex-config-secret-test-no-create
  labels:
    helm.sh/chart: dex-0.12.1
    app.kubernetes.io/name: dex
    app.kubernetes.io/instance: foo
    app.kubernetes.io/version: "2.35.3"
    app.kubernetes.io/managed-by: Helm
  annotations:
    "helm.sh/hook": test
type: Opaque
data:
  config.yaml: "e30="
