apiVersion: v1
kind: ConfigMap
metadata:
  name: foo-nginx-ingress-leader-election
  namespace: default
  labels:
    app.kubernetes.io/name: foo-nginx-ingress
    helm.sh/chart: nginx-ingress-0.16.2
    app.kubernetes.io/managed-by: Helm
    app.kubernetes.io/instance: foo
---
