-n
apiVersion: rbac.authorization.k8s.io/v1
kind: RoleBinding
metadata:
  labels:
    app: 'gatekeeper'
    chart: 'gatekeeper'
    gatekeeper.sh/system: "yes"
    heritage: 'Helm'
    release: 'foo'
  name: gatekeeper-manager-rolebinding
  namespace: 'oauth-proxy'
roleRef:
  apiGroup: rbac.authorization.k8s.io
  kind: Role
  name: gatekeeper-manager-role
subjects:
- kind: ServiceAccount
  name: gatekeeper-admin
  namespace: 'oauth-proxy'
---
