apiVersion: rbac.authorization.k8s.io/v1
kind: ClusterRoleBinding
metadata:
  labels:
    helm.sh/chart: opentelemetry-operator-0.24.0
    app.kubernetes.io/name: opentelemetry-operator
    app.kubernetes.io/version: "0.70.0"
    app.kubernetes.io/managed-by: Helm
    app.kubernetes.io/instance: foo
    app.kubernetes.io/component: controller-manager
  name: foo-opentelemetry-operator-manager
roleRef:
  apiGroup: rbac.authorization.k8s.io
  kind: ClusterRole
  name: foo-opentelemetry-operator-manager
subjects:
  - kind: ServiceAccount
    name: opentelemetry-operator
    namespace: default
---
apiVersion: rbac.authorization.k8s.io/v1
kind: ClusterRoleBinding
metadata:
  labels:
    helm.sh/chart: opentelemetry-operator-0.24.0
    app.kubernetes.io/name: opentelemetry-operator
    app.kubernetes.io/version: "0.70.0"
    app.kubernetes.io/managed-by: Helm
    app.kubernetes.io/instance: foo
    app.kubernetes.io/component: controller-manager
  name: foo-opentelemetry-operator-proxy
roleRef:
  apiGroup: rbac.authorization.k8s.io
  kind: ClusterRole
  name: foo-opentelemetry-operator-proxy
subjects:
  - kind: ServiceAccount
    name: opentelemetry-operator
    namespace: default
---
