apiVersion: v1
kind: ServiceAccount
metadata:
  name: opentelemetry-operator
  namespace: default
  labels:
    helm.sh/chart: opentelemetry-operator-0.24.0
    app.kubernetes.io/name: opentelemetry-operator
    app.kubernetes.io/version: "0.70.0"
    app.kubernetes.io/managed-by: Helm
    app.kubernetes.io/instance: foo
    app.kubernetes.io/component: controller-manager
---
