apiVersion: rbac.authorization.k8s.io/v1
kind: RoleBinding
metadata:
  name: foo-grafana
  namespace: default
  labels:
    helm.sh/chart: grafana-6.51.1
    app.kubernetes.io/name: grafana
    app.kubernetes.io/instance: foo
    app.kubernetes.io/version: "9.3.6"
    app.kubernetes.io/managed-by: Helm
roleRef:
  apiGroup: rbac.authorization.k8s.io
  kind: Role
  name: foo-grafana
subjects:
- kind: ServiceAccount
  name: foo-grafana
  namespace: default
---
