apiVersion: v1
kind: Secret
metadata:
  name: foo-grafana
  namespace: default
  labels:
    helm.sh/chart: grafana-6.51.1
    app.kubernetes.io/name: grafana
    app.kubernetes.io/instance: foo
    app.kubernetes.io/version: "9.3.6"
    app.kubernetes.io/managed-by: Helm
type: Opaque
data:
  admin-user: "YWRtaW4="
  admin-password: "MTIzNDVh"
  ldap-toml: ""
---
