apiVersion: v1
kind: Service
metadata:
  name: foo-grafana
  namespace: default
  labels:
    helm.sh/chart: grafana-6.51.1
    app.kubernetes.io/name: grafana
    app.kubernetes.io/instance: foo
    app.kubernetes.io/version: "9.3.6"
    app.kubernetes.io/managed-by: Helm
spec:
  type: ClusterIP
  ports:
    - name: service
      port: 80
      protocol: TCP
      targetPort: 3000
  selector:
    app.kubernetes.io/name: grafana
    app.kubernetes.io/instance: foo
---
