-n
apiVersion: v1
kind: ServiceAccount
metadata:
  labels:
    app: oauth2-proxy    
    helm.sh/chart: oauth2-proxy-6.2.7
    app.kubernetes.io/managed-by: Helm
    app.kubernetes.io/component: authentication-proxy
    app.kubernetes.io/part-of: oauth2-proxy
    app.kubernetes.io/name: oauth2-proxy
    app.kubernetes.io/instance: foo
    app.kubernetes.io/version: "7.3.0"
  name: foo-oauth2-proxy
automountServiceAccountToken : true
---
