-n
apiVersion: apps/v1
kind: Deployment
metadata:
  name: foo-grafana
  namespace: oauth-proxy
  labels:
    helm.sh/chart: grafana-6.40.0
    app.kubernetes.io/name: grafana
    app.kubernetes.io/instance: foo
    app.kubernetes.io/version: "9.1.6"
    app.kubernetes.io/managed-by: Helm
spec:
  replicas: 1
  revisionHistoryLimit: 10
  selector:
    matchLabels:
      app.kubernetes.io/name: grafana
      app.kubernetes.io/instance: foo
  strategy:
    type: RollingUpdate
  template:
    metadata:
      labels:
        app.kubernetes.io/name: grafana
        app.kubernetes.io/instance: foo
      annotations:
        checksum/config: 90272d04e2b3f9c427b1d79144fbb0b4b69cab9b4e67a4315c4bb0fa50544529
        checksum/dashboards-json-config: 01ba4719c80b6fe911b091a7c05124b64eeece964e09c058ef8f9805daca546b
        checksum/sc-dashboard-provider-config: bcfa18dab3e82dd8156d7934ccc0220063a7c8d08e0b566c4476e76af10e8b05
        checksum/secret: 8a3d37932d7bbba380f9d6c0cfd18301edbd30cfa73f0a9fcf99bb909112ea25
    spec:      
      serviceAccountName: foo-grafana
      automountServiceAccountToken: true
      securityContext:
        fsGroup: 472
        runAsGroup: 472
        runAsUser: 472
      enableServiceLinks: true
      containers:
        - name: grafana-sc-dashboard
          image: "quay.io/kiwigrid/k8s-sidecar:1.19.2"
          imagePullPolicy: IfNotPresent
          env:
            - name: METHOD
              value: WATCH
            - name: LABEL
              value: "grafana_dashboard"
            - name: FOLDER
              value: "/tmp/dashboards"
            - name: RESOURCE
              value: "both"
            - name: NAMESPACE
              value: "ALL"
            - name: FOLDER_ANNOTATION
              value: "grafana_folder"
          volumeMounts:
            - name: sc-dashboard-volume
              mountPath: "/tmp/dashboards"
        - name: grafana-sc-datasources
          image: "quay.io/kiwigrid/k8s-sidecar:1.19.2"
          imagePullPolicy: IfNotPresent
          env:
            - name: METHOD
              value: WATCH
            - name: LABEL
              value: "grafana_datasource"
            - name: FOLDER
              value: "/etc/grafana/provisioning/datasources"
            - name: RESOURCE
              value: "both"
            - name: NAMESPACE
              value: "ALL"
            - name: REQ_USERNAME
              valueFrom:
                secretKeyRef:
                  name: foo-grafana
                  key: admin-user
            - name: REQ_PASSWORD
              valueFrom:
                secretKeyRef:
                  name: foo-grafana
                  key: admin-password
            - name: REQ_URL
              value: http://localhost:3000/api/admin/provisioning/datasources/reload
            - name: REQ_METHOD
              value: POST
          volumeMounts:
            - name: sc-datasources-volume
              mountPath: "/etc/grafana/provisioning/datasources"
        - name: grafana
          image: "grafana/grafana:9.1.6"
          imagePullPolicy: IfNotPresent
          volumeMounts:
            - name: config
              mountPath: "/etc/grafana/grafana.ini"
              subPath: grafana.ini
            - name: storage
              mountPath: "/var/lib/grafana"
            - name: sc-dashboard-volume
              mountPath: "/tmp/dashboards"
      
            - name: sc-dashboard-provider
              mountPath: "/etc/grafana/provisioning/dashboards/sc-dashboardproviders.yaml"
              subPath: provider.yaml
            - name: sc-datasources-volume
              mountPath: "/etc/grafana/provisioning/datasources"
          ports:
            - name: grafana
              containerPort: 3000
              protocol: TCP
          env:
            - name: GF_SECURITY_ADMIN_USER
              valueFrom:
                secretKeyRef:
                  name: foo-grafana
                  key: admin-user
            - name: GF_SECURITY_ADMIN_PASSWORD
              valueFrom:
                secretKeyRef:
                  name: foo-grafana
                  key: admin-password
            - name: GF_PATHS_DATA
              value: /var/lib/grafana/
            - name: GF_PATHS_LOGS
              value: /var/log/grafana
            - name: GF_PATHS_PLUGINS
              value: /var/lib/grafana/plugins
            - name: GF_PATHS_PROVISIONING
              value: /etc/grafana/provisioning
          livenessProbe:
            failureThreshold: 10
            httpGet:
              path: /api/health
              port: 3000
            initialDelaySeconds: 60
            timeoutSeconds: 30
          readinessProbe:
            httpGet:
              path: /api/health
              port: 3000
      volumes:
        - name: config
          configMap:
            name: foo-grafana
        - name: storage
          emptyDir: {}
        - name: sc-dashboard-volume
          emptyDir: {}
        - name: sc-dashboard-provider
          configMap:
            name: foo-grafana-config-dashboards
        - name: sc-datasources-volume
          emptyDir: {}
---
