apiVersion: rbac.authorization.k8s.io/v1
kind: ClusterRoleBinding
metadata:
  labels:    
    helm.sh/chart: prometheus-adapter-3.4.1
    app.kubernetes.io/managed-by: Helm
    app.kubernetes.io/component: metrics
    app.kubernetes.io/part-of: prometheus-adapter
    app.kubernetes.io/name: prometheus-adapter
    app.kubernetes.io/instance: foo
    app.kubernetes.io/version: "v0.10.0"
  name: prometheus-adapter-hpa-controller
roleRef:
  apiGroup: rbac.authorization.k8s.io
  kind: ClusterRole
  name: prometheus-adapter-server-resources
subjects:
- kind: ServiceAccount
  name: foo-prometheus-adapter
  namespace: "default"
---
