apiVersion: v1
kind: Service
metadata:
  name: foo-kube-prometheus-stack-kube-etcd
  labels:
    app: kube-prometheus-stack-kube-etcd
    jobLabel: kube-etcd
    
    app.kubernetes.io/managed-by: Helm
    app.kubernetes.io/instance: foo
    app.kubernetes.io/version: "45.4.0"
    app.kubernetes.io/part-of: kube-prometheus-stack
    chart: kube-prometheus-stack-45.4.0
    release: "foo"
    heritage: "Helm"
  namespace: kube-system
spec:
  clusterIP: None
  ports:
    - name: http-metrics
      port: 2381
      protocol: TCP
      targetPort: 2381
  selector:
    component: etcd
  type: ClusterIP
---
