-n
apiVersion: v1
kind: ConfigMap
metadata:
  name: foo-nginx-ingress-leader-election
  namespace: oauth-proxy
  labels:
    app.kubernetes.io/name: foo-nginx-ingress
    helm.sh/chart: nginx-ingress-0.14.1
    app.kubernetes.io/managed-by: Helm
    app.kubernetes.io/instance: foo
---
