apiVersion: rbac.authorization.k8s.io/v1
kind: RoleBinding
metadata:
  name: foo-sealed-secrets-key-admin
  namespace: default
  labels:
    app.kubernetes.io/name: sealed-secrets
    helm.sh/chart: sealed-secrets-2.7.0
    app.kubernetes.io/instance: foo
    app.kubernetes.io/managed-by: Helm
    app.kubernetes.io/version: v0.19.1
roleRef:
  apiGroup: rbac.authorization.k8s.io
  kind: Role
  name: foo-sealed-secrets-key-admin
subjects:
  - apiGroup: ""
    kind: ServiceAccount
    name: foo-sealed-secrets
    namespace: default
---
apiVersion: rbac.authorization.k8s.io/v1
kind: RoleBinding
metadata:
  name: foo-sealed-secrets-service-proxier
  namespace: default
  labels:
    app.kubernetes.io/name: sealed-secrets
    helm.sh/chart: sealed-secrets-2.7.0
    app.kubernetes.io/instance: foo
    app.kubernetes.io/managed-by: Helm
    app.kubernetes.io/version: v0.19.1
roleRef:
  apiGroup: rbac.authorization.k8s.io
  kind: Role
  name: foo-sealed-secrets-service-proxier
subjects:
- apiGroup: rbac.authorization.k8s.io
  kind: Group
  name: system:authenticated
---
