apiVersion: monitoring.coreos.com/v1
kind: ServiceMonitor
metadata:
  name: foo-sealed-secrets
  namespace: default
  labels:
    app.kubernetes.io/name: sealed-secrets
    helm.sh/chart: sealed-secrets-2.7.4
    app.kubernetes.io/instance: foo
    app.kubernetes.io/managed-by: Helm
    app.kubernetes.io/version: v0.19.5
    app.kubernetes.io/part-of: sealed-secrets
spec:
  endpoints:
    - port: http
      honorLabels: true
  namespaceSelector:
    matchNames:
      - default
  selector:
    matchLabels:
      app.kubernetes.io/name: sealed-secrets
      app.kubernetes.io/instance: foo
