apiVersion: monitoring.grafana.com/v1alpha1
kind: PodLogs
metadata:
  name: foo-loki
  namespace: default
  labels:
    instance: primary
    helm.sh/chart: loki-3.2.1
    app.kubernetes.io/name: loki
    app.kubernetes.io/instance: foo
    app.kubernetes.io/version: "2.6.1"
    app.kubernetes.io/managed-by: Helm
spec:
  pipelineStages:
    - cri: { }
  relabelings:
    - sourceLabels:
        - __meta_kubernetes_pod_node_name
      targetLabel: __host__
    - action: labelmap
      regex: __meta_kubernetes_pod_label_(.+)
    - action: replace
      replacement: "default/$1"
      sourceLabels:
        - __meta_kubernetes_pod_controller_name
      targetLabel: job
    - action: replace
      sourceLabels:
        - __meta_kubernetes_pod_container_name
      targetLabel: container
    - replacement: "foo-loki"
      targetLabel: cluster
  namespaceSelector:
    matchNames:
      - default
  selector:
    matchLabels:
      app.kubernetes.io/name: loki
      app.kubernetes.io/instance: foo
---
