apiVersion: v1
kind: ConfigMap
metadata:
  name: loki-datasource
  labels:
     grafana_datasource: "1"
data:
  loki-datasource.yaml: |-
    apiVersion: 1
    datasources:
      - uid: 7624WvWVz
        orgId: 1
        name: Cluster Loki
        type: loki
        typeName: Loki
        typeLogoUrl: public/app/plugins/datasource/loki/img/loki_icon.svg
        access: proxy
        url: http://loki.loki.svc:3100
        user: ''
        database: ''
        basicAuth: false
        isDefault: false
        jsonData:
          derivedFields:
            - datasourceUid: XUcrGvZVk
              matcherRegex: '"traceParent": "\d\d-(\w+)-\w+-\d\d"'
              name: TraceID
              url: "$${__value.raw}"
        readOnly: true
---
