apiVersion: rbac.authorization.k8s.io/v1
kind: ClusterRoleBinding
metadata:
  name: foo-kube-prometheus-stack-prometheus
  labels:
    app: kube-prometheus-stack-prometheus
    
    app.kubernetes.io/managed-by: Helm
    app.kubernetes.io/instance: foo
    app.kubernetes.io/version: "39.13.3"
    app.kubernetes.io/part-of: kube-prometheus-stack
    chart: kube-prometheus-stack-39.13.3
    release: "foo"
    heritage: "Helm"
roleRef:
  apiGroup: rbac.authorization.k8s.io
  kind: ClusterRole
  name: foo-kube-prometheus-stack-prometheus
subjects:
  - kind: ServiceAccount
    name: foo-kube-prometheus-stack-prometheus
    namespace: default
---
