apiVersion: v1
kind: Service
metadata:
  name: foo-kube-prometheus-stack-prometheus
  namespace: default
  labels:
    app: kube-prometheus-stack-prometheus
    self-monitor: "true"
    
    app.kubernetes.io/managed-by: Helm
    app.kubernetes.io/instance: foo
    app.kubernetes.io/version: "39.13.3"
    app.kubernetes.io/part-of: kube-prometheus-stack
    chart: kube-prometheus-stack-39.13.3
    release: "foo"
    heritage: "Helm"
spec:
  ports:
  - name: http-web
    port: 9090
    targetPort: 9090
  publishNotReadyAddresses: false
  selector:
    app.kubernetes.io/name: prometheus
    prometheus: foo-kube-prometheus-stack-prometheus
  type: "ClusterIP"
---
