apiVersion: v1
kind: ServiceAccount
metadata:
  labels:    
    helm.sh/chart: kube-state-metrics-4.31.0
    app.kubernetes.io/managed-by: Helm
    app.kubernetes.io/component: metrics
    app.kubernetes.io/part-of: kube-state-metrics
    app.kubernetes.io/name: kube-state-metrics
    app.kubernetes.io/instance: foo
    app.kubernetes.io/version: "2.8.0"
    release: foo
  name: foo-kube-state-metrics
  namespace: default
imagePullSecrets:
---
