apiVersion: monitoring.coreos.com/v1
kind: ServiceMonitor
metadata:
  name: foo-kube-state-metrics
  namespace: default
  labels:    
    helm.sh/chart: kube-state-metrics-4.31.0
    app.kubernetes.io/managed-by: Helm
    app.kubernetes.io/component: metrics
    app.kubernetes.io/part-of: kube-state-metrics
    app.kubernetes.io/name: kube-state-metrics
    app.kubernetes.io/instance: foo
    app.kubernetes.io/version: "2.8.0"
    release: foo
spec:
  jobLabel: app.kubernetes.io/name  
  selector:
    matchLabels:      
      app.kubernetes.io/name: kube-state-metrics
      app.kubernetes.io/instance: foo
  endpoints:
    - port: http
      honorLabels: true
---
