-n
apiVersion: v1
kind: ServiceAccount
metadata:
  labels:    
    helm.sh/chart: prometheus-adapter-3.4.0
    app.kubernetes.io/managed-by: Helm
    app.kubernetes.io/component: metrics
    app.kubernetes.io/part-of: prometheus-adapter
    app.kubernetes.io/name: prometheus-adapter
    app.kubernetes.io/instance: foo
    app.kubernetes.io/version: "v0.10.0"
  name: foo-prometheus-adapter
  namespace: oauth-proxy
---
