-n
apiVersion: cert-manager.io/v1
kind: Certificate
metadata:
  labels:
    app.kubernetes.io/name: opentelemetry-operator
  name: opentelemetry-operator-serving-cert
  namespace: oauth-proxy
spec:
  dnsNames:
    - opentelemetry-operator-webhook-service.oauth-proxy.svc
    - opentelemetry-operator-webhook-service.oauth-proxy.svc.cluster.local
  issuerRef:
    kind: Issuer
    name: opentelemetry-operator-selfsigned-issuer
  secretName: opentelemetry-operator-controller-manager-service-cert
  subject:
    organizationalUnits:
      - opentelemetry-operator
---
apiVersion: cert-manager.io/v1
kind: Issuer
metadata:
  labels:
    app.kubernetes.io/name: opentelemetry-operator
  name: opentelemetry-operator-selfsigned-issuer
  namespace: oauth-proxy
spec:
  selfSigned: {}
---
