apiVersion: v1
kind: ServiceAccount
metadata:
  name:  foo-kube-prometheus-stack-admission
  namespace: default
  annotations:
    "helm.sh/hook": pre-install,pre-upgrade,post-install,post-upgrade
    "helm.sh/hook-delete-policy": before-hook-creation,hook-succeeded
  labels:
    app: kube-prometheus-stack-admission    
    app.kubernetes.io/managed-by: Helm
    app.kubernetes.io/instance: foo
    app.kubernetes.io/version: "45.4.0"
    app.kubernetes.io/part-of: kube-prometheus-stack
    chart: kube-prometheus-stack-45.4.0
    release: "foo"
    heritage: "Helm"
---
