apiVersion: v1
kind: ServiceAccount
metadata:
  name: foo-prometheus-node-exporter
  namespace: default
  labels:
    app: prometheus-node-exporter
    chart: prometheus-node-exporter-3.3.1
    release: "foo"
    heritage: "Helm"
  annotations:
    {}
imagePullSecrets:
  []
---
