-n
apiVersion: rbac.authorization.k8s.io/v1
kind: ClusterRole
metadata:
  name:  foo-kube-prometheus-stack-admission
  annotations:
    "helm.sh/hook": pre-install,pre-upgrade,post-install,post-upgrade
    "helm.sh/hook-delete-policy": before-hook-creation,hook-succeeded
  labels:
    app: kube-prometheus-stack-admission    
    app.kubernetes.io/managed-by: Helm
    app.kubernetes.io/instance: foo
    app.kubernetes.io/version: "39.13.3"
    app.kubernetes.io/part-of: kube-prometheus-stack
    chart: kube-prometheus-stack-39.13.3
    release: "foo"
    heritage: "Helm"
rules:
  - apiGroups:
      - admissionregistration.k8s.io
    resources:
      - validatingwebhookconfigurations
      - mutatingwebhookconfigurations
    verbs:
      - get
      - update
---
